<html>
<body>
<pre>
<h1>µVision Build Log</h1>
<h2>Tool Versions:</h2>
IDE-Version: µVision V5.29.0.0
Copyright (C) 2019 ARM Ltd and ARM Germany GmbH. All rights reserved.
License Information: mahmoud Abdelhalim, MF, LIC=----
 
Tool Versions:
Toolchain:       MDK-Lite  Version: 5.29.0.0
Toolchain Path:  C:\Keil_v5_RTOS\ARM\ARMCC\Bin
C Compiler:      Armcc.exe V5.06 update 6 (build 750)
Assembler:       Armasm.exe V5.06 update 6 (build 750)
Linker/Locator:  ArmLink.exe V5.06 update 6 (build 750)
Library Manager: ArmAr.exe V5.06 update 6 (build 750)
Hex Converter:   FromElf.exe V5.06 update 6 (build 750)
CPU DLL:         SARM.DLL V5.29.0.0
Dialog DLL:      DARMP.DLL V1.53.0.0
Target DLL:      UL2ARM.DLL V1.74.10.0
Dialog DLL:      TARMP.DLL V1.53.0.0
 
<h2>Project:</h2>
D:\MF\Personal\Intellectual\Embedded_SW\EgFWD\Advanced Embedded Systems\Course Material\RTOS\RTOS_SourceFiles\FreeRTOSv202112.00\FreeRTOS\Demo\RTOS_EDF_Scheduler_Project\RTOSDemo.uvproj
Project File Date:  10/18/2022

<h2>Output:</h2>
*** Using Compiler 'V5.06 update 6 (build 750)', folder: 'C:\Keil_v5_RTOS\ARM\ARMCC\Bin'
Rebuild target 'RTOSDemo_THUMB'
assembling serialISR.s...
compiling GPIO_cfg.c...
assembling Startup.s...
compiling ParTest.c...
compiling main.c...
Starter_Files_V1\source\main.c(109): warning:  #177-D: variable "startTime"  was declared but never referenced
  	int startTime =0, endTime =0;
Starter_Files_V1\source\main.c(109): warning:  #177-D: variable "endTime"  was declared but never referenced
  	int startTime =0, endTime =0;
Starter_Files_V1\source\main.c(135): warning:  #550-D: variable "startTime"  was set but never used
  	int startTime =0, endTime =0;
Starter_Files_V1\source\main.c(135): warning:  #177-D: variable "endTime"  was declared but never referenced
  	int startTime =0, endTime =0;
Starter_Files_V1\source\main.c(161): warning:  #550-D: variable "startTime"  was set but never used
  	int startTime =0, endTime =0;
Starter_Files_V1\source\main.c(161): warning:  #177-D: variable "endTime"  was declared but never referenced
  	int startTime =0, endTime =0;
Starter_Files_V1\source\main.c(188): warning:  #550-D: variable "startTime"  was set but never used
  	int startTime =0, endTime =0;
Starter_Files_V1\source\main.c(188): warning:  #177-D: variable "endTime"  was declared but never referenced
  	int startTime =0, endTime =0;
Starter_Files_V1\source\main.c(222): warning:  #223-D: function "xTaskPeriodicCreate" declared implicitly
  					xTaskPeriodicCreate(
Starter_Files_V1\source\main.c: 9 warnings, 0 errors
compiling GPIO.c...
Starter_Files_V1\source\GPIO.c(49): warning:  #127-D: expected a statement
  		}
Starter_Files_V1\source\GPIO.c: 1 warning, 0 errors
compiling serial.c...
Starter_Files_V1\source\serial.c(185): warning:  #550-D: variable "cChar"  was set but never used
  signed char cChar;
Starter_Files_V1\source\serial.c: 1 warning, 0 errors
compiling list.c...
compiling port.c...
compiling queue.c...
assembling portASM.s...
compiling tasks.c...
..\..\Source\tasks.c(3864): warning:  #177-D: variable "uxPriority"  was declared but never referenced
      UBaseType_t uxPriority;
..\..\Source\tasks.c: 1 warning, 0 errors
compiling heap_2.c...
linking...
Program Size: Code=9636 RO-data=32 RW-data=264 ZI-data=15376  
FromELF: creating hex file...
".\bin\RTOSDemo.axf" - 0 Error(s), 12 Warning(s).
Build Time Elapsed:  00:00:04
</pre>
</body>
</html>
